psql:sql/full_system_v1.sql:2: NOTICE:  function public.get_estrelas_kpis_data(text,text,text[],text[],text[],text[],text[],text[],text[],text[]) does not exist, skipping
DROP FUNCTION
psql:sql/full_system_v1.sql:3: NOTICE:  function public.get_estrelas_kpis_data(text[],text[],text[],text[],text[],text,text,text[],text[],text[]) does not exist, skipping
DROP FUNCTION
CREATE FUNCTION
CREATE FUNCTION
CREATE EXTENSION
CREATE TABLE
ALTER TABLE
psql:sql/full_system_v1.sql:808: ERROR:  relation "public.data_detailed_2026" does not exist
psql:sql/full_system_v1.sql:809: ERROR:  relation "public.data_history_2023" does not exist
psql:sql/full_system_v1.sql:810: ERROR:  relation "public.data_history_2024" does not exist
psql:sql/full_system_v1.sql:811: ERROR:  relation "public.data_history_2025" does not exist
psql:sql/full_system_v1.sql:812: ERROR:  relation "public.data_history_2026" does not exist
CREATE TABLE
ALTER TABLE
DO
CREATE TABLE
ALTER TABLE
DO
DO
DO
CREATE TABLE
ALTER TABLE
psql:sql/full_system_v1.sql:936: ERROR:  relation "auth.users" does not exist
psql:sql/full_system_v1.sql:937: ERROR:  relation "public.profiles" does not exist
psql:sql/full_system_v1.sql:947: ERROR:  relation "public.profiles" does not exist
CONTEXT:  SQL statement "ALTER TABLE public.profiles ADD COLUMN name text"
PL/pgSQL function inline_code_block line 4 at SQL statement
CREATE TABLE
ALTER TABLE
CREATE INDEX
CREATE INDEX
CREATE INDEX
CREATE INDEX
CREATE INDEX
CREATE INDEX
CREATE INDEX
CREATE INDEX
CREATE INDEX
CREATE INDEX
CREATE INDEX
CREATE TABLE
ALTER TABLE
CREATE INDEX
CREATE INDEX
CREATE INDEX
CREATE INDEX
CREATE INDEX
CREATE INDEX
CREATE INDEX
CREATE INDEX
CREATE INDEX
CREATE INDEX
CREATE INDEX
CREATE INDEX
CREATE INDEX
CREATE INDEX
CREATE INDEX
CREATE INDEX
CREATE TABLE
INSERT 0 1
ALTER TABLE
GRANT
GRANT
CREATE TABLE
ALTER TABLE
CREATE TABLE
ALTER TABLE
CREATE TABLE
ALTER TABLE
CREATE FUNCTION
GRANT
CREATE TABLE
ALTER TABLE
CREATE TABLE
ALTER TABLE
DO
CREATE FUNCTION
psql:sql/full_system_v1.sql:1158: NOTICE:  view "all_sales" does not exist, skipping
DROP VIEW
CREATE VIEW
DROP TABLE
CREATE TABLE
ALTER TABLE
DROP TABLE
CREATE TABLE
ALTER TABLE
CREATE INDEX
CREATE INDEX
CREATE INDEX
CREATE INDEX
CREATE INDEX
CREATE INDEX
CREATE INDEX
CREATE INDEX
CREATE INDEX
CREATE INDEX
CREATE INDEX
CREATE INDEX
CREATE INDEX
CREATE INDEX
CREATE INDEX
CREATE INDEX
psql:sql/full_system_v1.sql:1249: NOTICE:  table "cache_filters" does not exist, skipping
DROP TABLE
CREATE TABLE
ALTER TABLE
CREATE INDEX
CREATE INDEX
CREATE INDEX
CREATE INDEX
CREATE INDEX
CREATE INDEX
CREATE INDEX
CREATE INDEX
CREATE INDEX
CREATE INDEX
CREATE INDEX
CREATE INDEX
CREATE INDEX
CREATE INDEX
CREATE INDEX
CREATE INDEX
CREATE INDEX
CREATE INDEX
CREATE INDEX
CREATE INDEX
CREATE INDEX
CREATE INDEX
CREATE INDEX
CREATE INDEX
CREATE INDEX
CREATE INDEX
CREATE INDEX
CREATE INDEX
CREATE INDEX
CREATE INDEX
CREATE INDEX
CREATE INDEX
CREATE INDEX
CREATE INDEX
CREATE INDEX
CREATE INDEX
CREATE INDEX
CREATE INDEX
CREATE INDEX
CREATE INDEX
CREATE INDEX
CREATE INDEX
CREATE INDEX
CREATE INDEX
CREATE INDEX
CREATE INDEX
CREATE FUNCTION
CREATE FUNCTION
psql:sql/full_system_v1.sql:1389: NOTICE:  policy "Enable access for all users" for relation "public.data_detailed" does not exist, skipping
psql:sql/full_system_v1.sql:1389: NOTICE:  policy "Public profiles are viewable by everyone" for relation "public.data_detailed" does not exist, skipping
psql:sql/full_system_v1.sql:1389: NOTICE:  policy "Read Access Approved" for relation "public.data_detailed" does not exist, skipping
psql:sql/full_system_v1.sql:1389: NOTICE:  policy "Write Access Admin" for relation "public.data_detailed" does not exist, skipping
psql:sql/full_system_v1.sql:1389: NOTICE:  policy "Update Access Admin" for relation "public.data_detailed" does not exist, skipping
psql:sql/full_system_v1.sql:1389: NOTICE:  policy "Delete Access Admin" for relation "public.data_detailed" does not exist, skipping
psql:sql/full_system_v1.sql:1389: NOTICE:  policy "All Access Admin" for relation "public.data_detailed" does not exist, skipping
psql:sql/full_system_v1.sql:1389: NOTICE:  policy "Delete Admin" for relation "public.data_detailed" does not exist, skipping
psql:sql/full_system_v1.sql:1389: NOTICE:  policy "Insert Admin" for relation "public.data_detailed" does not exist, skipping
psql:sql/full_system_v1.sql:1389: NOTICE:  policy "Update Admin" for relation "public.data_detailed" does not exist, skipping
psql:sql/full_system_v1.sql:1389: NOTICE:  policy "Read Access" for relation "public.data_detailed" does not exist, skipping
psql:sql/full_system_v1.sql:1389: NOTICE:  policy "Unified Read Access" for relation "public.data_detailed" does not exist, skipping
psql:sql/full_system_v1.sql:1389: NOTICE:  policy "Admin Insert" for relation "public.data_detailed" does not exist, skipping
psql:sql/full_system_v1.sql:1389: NOTICE:  policy "Admin Update" for relation "public.data_detailed" does not exist, skipping
psql:sql/full_system_v1.sql:1389: NOTICE:  policy "Admin Delete" for relation "public.data_detailed" does not exist, skipping
psql:sql/full_system_v1.sql:1389: NOTICE:  policy "Enable access for all users" for relation "public.data_history" does not exist, skipping
psql:sql/full_system_v1.sql:1389: NOTICE:  policy "Public profiles are viewable by everyone" for relation "public.data_history" does not exist, skipping
psql:sql/full_system_v1.sql:1389: NOTICE:  policy "Read Access Approved" for relation "public.data_history" does not exist, skipping
psql:sql/full_system_v1.sql:1389: NOTICE:  policy "Write Access Admin" for relation "public.data_history" does not exist, skipping
psql:sql/full_system_v1.sql:1389: NOTICE:  policy "Update Access Admin" for relation "public.data_history" does not exist, skipping
psql:sql/full_system_v1.sql:1389: NOTICE:  policy "Delete Access Admin" for relation "public.data_history" does not exist, skipping
psql:sql/full_system_v1.sql:1389: NOTICE:  policy "All Access Admin" for relation "public.data_history" does not exist, skipping
psql:sql/full_system_v1.sql:1389: NOTICE:  policy "Delete Admin" for relation "public.data_history" does not exist, skipping
psql:sql/full_system_v1.sql:1389: NOTICE:  policy "Insert Admin" for relation "public.data_history" does not exist, skipping
psql:sql/full_system_v1.sql:1389: NOTICE:  policy "Update Admin" for relation "public.data_history" does not exist, skipping
psql:sql/full_system_v1.sql:1389: NOTICE:  policy "Read Access" for relation "public.data_history" does not exist, skipping
psql:sql/full_system_v1.sql:1389: NOTICE:  policy "Unified Read Access" for relation "public.data_history" does not exist, skipping
psql:sql/full_system_v1.sql:1389: NOTICE:  policy "Admin Insert" for relation "public.data_history" does not exist, skipping
psql:sql/full_system_v1.sql:1389: NOTICE:  policy "Admin Update" for relation "public.data_history" does not exist, skipping
psql:sql/full_system_v1.sql:1389: NOTICE:  policy "Admin Delete" for relation "public.data_history" does not exist, skipping
psql:sql/full_system_v1.sql:1389: NOTICE:  policy "Enable access for all users" for relation "public.data_clients" does not exist, skipping
psql:sql/full_system_v1.sql:1389: NOTICE:  policy "Public profiles are viewable by everyone" for relation "public.data_clients" does not exist, skipping
psql:sql/full_system_v1.sql:1389: NOTICE:  policy "Read Access Approved" for relation "public.data_clients" does not exist, skipping
psql:sql/full_system_v1.sql:1389: NOTICE:  policy "Write Access Admin" for relation "public.data_clients" does not exist, skipping
psql:sql/full_system_v1.sql:1389: NOTICE:  policy "Update Access Admin" for relation "public.data_clients" does not exist, skipping
psql:sql/full_system_v1.sql:1389: NOTICE:  policy "Delete Access Admin" for relation "public.data_clients" does not exist, skipping
psql:sql/full_system_v1.sql:1389: NOTICE:  policy "All Access Admin" for relation "public.data_clients" does not exist, skipping
psql:sql/full_system_v1.sql:1389: NOTICE:  policy "Delete Admin" for relation "public.data_clients" does not exist, skipping
psql:sql/full_system_v1.sql:1389: NOTICE:  policy "Insert Admin" for relation "public.data_clients" does not exist, skipping
psql:sql/full_system_v1.sql:1389: NOTICE:  policy "Update Admin" for relation "public.data_clients" does not exist, skipping
psql:sql/full_system_v1.sql:1389: NOTICE:  policy "Read Access" for relation "public.data_clients" does not exist, skipping
psql:sql/full_system_v1.sql:1389: NOTICE:  policy "Unified Read Access" for relation "public.data_clients" does not exist, skipping
psql:sql/full_system_v1.sql:1389: NOTICE:  policy "Admin Insert" for relation "public.data_clients" does not exist, skipping
psql:sql/full_system_v1.sql:1389: NOTICE:  policy "Admin Update" for relation "public.data_clients" does not exist, skipping
psql:sql/full_system_v1.sql:1389: NOTICE:  policy "Admin Delete" for relation "public.data_clients" does not exist, skipping
psql:sql/full_system_v1.sql:1389: NOTICE:  policy "Enable access for all users" for relation "public.data_holidays" does not exist, skipping
psql:sql/full_system_v1.sql:1389: NOTICE:  policy "Public profiles are viewable by everyone" for relation "public.data_holidays" does not exist, skipping
psql:sql/full_system_v1.sql:1389: NOTICE:  policy "Read Access Approved" for relation "public.data_holidays" does not exist, skipping
psql:sql/full_system_v1.sql:1389: NOTICE:  policy "Write Access Admin" for relation "public.data_holidays" does not exist, skipping
psql:sql/full_system_v1.sql:1389: NOTICE:  policy "Update Access Admin" for relation "public.data_holidays" does not exist, skipping
psql:sql/full_system_v1.sql:1389: NOTICE:  policy "Delete Access Admin" for relation "public.data_holidays" does not exist, skipping
psql:sql/full_system_v1.sql:1389: NOTICE:  policy "All Access Admin" for relation "public.data_holidays" does not exist, skipping
psql:sql/full_system_v1.sql:1389: NOTICE:  policy "Delete Admin" for relation "public.data_holidays" does not exist, skipping
psql:sql/full_system_v1.sql:1389: NOTICE:  policy "Insert Admin" for relation "public.data_holidays" does not exist, skipping
psql:sql/full_system_v1.sql:1389: NOTICE:  policy "Update Admin" for relation "public.data_holidays" does not exist, skipping
psql:sql/full_system_v1.sql:1389: NOTICE:  policy "Read Access" for relation "public.data_holidays" does not exist, skipping
psql:sql/full_system_v1.sql:1389: NOTICE:  policy "Unified Read Access" for relation "public.data_holidays" does not exist, skipping
psql:sql/full_system_v1.sql:1389: NOTICE:  policy "Admin Insert" for relation "public.data_holidays" does not exist, skipping
psql:sql/full_system_v1.sql:1389: NOTICE:  policy "Admin Update" for relation "public.data_holidays" does not exist, skipping
psql:sql/full_system_v1.sql:1389: NOTICE:  policy "Admin Delete" for relation "public.data_holidays" does not exist, skipping
psql:sql/full_system_v1.sql:1389: NOTICE:  policy "Enable access for all users" for relation "public.config_city_branches" does not exist, skipping
psql:sql/full_system_v1.sql:1389: NOTICE:  policy "Public profiles are viewable by everyone" for relation "public.config_city_branches" does not exist, skipping
psql:sql/full_system_v1.sql:1389: NOTICE:  policy "Read Access Approved" for relation "public.config_city_branches" does not exist, skipping
psql:sql/full_system_v1.sql:1389: NOTICE:  policy "Write Access Admin" for relation "public.config_city_branches" does not exist, skipping
psql:sql/full_system_v1.sql:1389: NOTICE:  policy "Update Access Admin" for relation "public.config_city_branches" does not exist, skipping
psql:sql/full_system_v1.sql:1389: NOTICE:  policy "Delete Access Admin" for relation "public.config_city_branches" does not exist, skipping
psql:sql/full_system_v1.sql:1389: NOTICE:  policy "All Access Admin" for relation "public.config_city_branches" does not exist, skipping
psql:sql/full_system_v1.sql:1389: NOTICE:  policy "Delete Admin" for relation "public.config_city_branches" does not exist, skipping
psql:sql/full_system_v1.sql:1389: NOTICE:  policy "Insert Admin" for relation "public.config_city_branches" does not exist, skipping
psql:sql/full_system_v1.sql:1389: NOTICE:  policy "Update Admin" for relation "public.config_city_branches" does not exist, skipping
psql:sql/full_system_v1.sql:1389: NOTICE:  policy "Read Access" for relation "public.config_city_branches" does not exist, skipping
psql:sql/full_system_v1.sql:1389: NOTICE:  policy "Unified Read Access" for relation "public.config_city_branches" does not exist, skipping
psql:sql/full_system_v1.sql:1389: NOTICE:  policy "Admin Insert" for relation "public.config_city_branches" does not exist, skipping
psql:sql/full_system_v1.sql:1389: NOTICE:  policy "Admin Update" for relation "public.config_city_branches" does not exist, skipping
psql:sql/full_system_v1.sql:1389: NOTICE:  policy "Admin Delete" for relation "public.config_city_branches" does not exist, skipping
psql:sql/full_system_v1.sql:1389: NOTICE:  policy "Enable access for all users" for relation "public.dim_supervisores" does not exist, skipping
psql:sql/full_system_v1.sql:1389: NOTICE:  policy "Public profiles are viewable by everyone" for relation "public.dim_supervisores" does not exist, skipping
psql:sql/full_system_v1.sql:1389: NOTICE:  policy "Read Access Approved" for relation "public.dim_supervisores" does not exist, skipping
psql:sql/full_system_v1.sql:1389: NOTICE:  policy "Write Access Admin" for relation "public.dim_supervisores" does not exist, skipping
psql:sql/full_system_v1.sql:1389: NOTICE:  policy "Update Access Admin" for relation "public.dim_supervisores" does not exist, skipping
psql:sql/full_system_v1.sql:1389: NOTICE:  policy "Delete Access Admin" for relation "public.dim_supervisores" does not exist, skipping
psql:sql/full_system_v1.sql:1389: NOTICE:  policy "All Access Admin" for relation "public.dim_supervisores" does not exist, skipping
psql:sql/full_system_v1.sql:1389: NOTICE:  policy "Delete Admin" for relation "public.dim_supervisores" does not exist, skipping
psql:sql/full_system_v1.sql:1389: NOTICE:  policy "Insert Admin" for relation "public.dim_supervisores" does not exist, skipping
psql:sql/full_system_v1.sql:1389: NOTICE:  policy "Update Admin" for relation "public.dim_supervisores" does not exist, skipping
psql:sql/full_system_v1.sql:1389: NOTICE:  policy "Read Access" for relation "public.dim_supervisores" does not exist, skipping
psql:sql/full_system_v1.sql:1389: NOTICE:  policy "Unified Read Access" for relation "public.dim_supervisores" does not exist, skipping
psql:sql/full_system_v1.sql:1389: NOTICE:  policy "Admin Insert" for relation "public.dim_supervisores" does not exist, skipping
psql:sql/full_system_v1.sql:1389: NOTICE:  policy "Admin Update" for relation "public.dim_supervisores" does not exist, skipping
psql:sql/full_system_v1.sql:1389: NOTICE:  policy "Admin Delete" for relation "public.dim_supervisores" does not exist, skipping
psql:sql/full_system_v1.sql:1389: NOTICE:  policy "Enable access for all users" for relation "public.dim_vendedores" does not exist, skipping
psql:sql/full_system_v1.sql:1389: NOTICE:  policy "Public profiles are viewable by everyone" for relation "public.dim_vendedores" does not exist, skipping
psql:sql/full_system_v1.sql:1389: NOTICE:  policy "Read Access Approved" for relation "public.dim_vendedores" does not exist, skipping
psql:sql/full_system_v1.sql:1389: NOTICE:  policy "Write Access Admin" for relation "public.dim_vendedores" does not exist, skipping
psql:sql/full_system_v1.sql:1389: NOTICE:  policy "Update Access Admin" for relation "public.dim_vendedores" does not exist, skipping
psql:sql/full_system_v1.sql:1389: NOTICE:  policy "Delete Access Admin" for relation "public.dim_vendedores" does not exist, skipping
psql:sql/full_system_v1.sql:1389: NOTICE:  policy "All Access Admin" for relation "public.dim_vendedores" does not exist, skipping
psql:sql/full_system_v1.sql:1389: NOTICE:  policy "Delete Admin" for relation "public.dim_vendedores" does not exist, skipping
psql:sql/full_system_v1.sql:1389: NOTICE:  policy "Insert Admin" for relation "public.dim_vendedores" does not exist, skipping
psql:sql/full_system_v1.sql:1389: NOTICE:  policy "Update Admin" for relation "public.dim_vendedores" does not exist, skipping
psql:sql/full_system_v1.sql:1389: NOTICE:  policy "Read Access" for relation "public.dim_vendedores" does not exist, skipping
psql:sql/full_system_v1.sql:1389: NOTICE:  policy "Unified Read Access" for relation "public.dim_vendedores" does not exist, skipping
psql:sql/full_system_v1.sql:1389: NOTICE:  policy "Admin Insert" for relation "public.dim_vendedores" does not exist, skipping
psql:sql/full_system_v1.sql:1389: NOTICE:  policy "Admin Update" for relation "public.dim_vendedores" does not exist, skipping
psql:sql/full_system_v1.sql:1389: NOTICE:  policy "Admin Delete" for relation "public.dim_vendedores" does not exist, skipping
psql:sql/full_system_v1.sql:1389: NOTICE:  policy "Enable access for all users" for relation "public.dim_fornecedores" does not exist, skipping
psql:sql/full_system_v1.sql:1389: NOTICE:  policy "Public profiles are viewable by everyone" for relation "public.dim_fornecedores" does not exist, skipping
psql:sql/full_system_v1.sql:1389: NOTICE:  policy "Read Access Approved" for relation "public.dim_fornecedores" does not exist, skipping
psql:sql/full_system_v1.sql:1389: NOTICE:  policy "Write Access Admin" for relation "public.dim_fornecedores" does not exist, skipping
psql:sql/full_system_v1.sql:1389: NOTICE:  policy "Update Access Admin" for relation "public.dim_fornecedores" does not exist, skipping
psql:sql/full_system_v1.sql:1389: NOTICE:  policy "Delete Access Admin" for relation "public.dim_fornecedores" does not exist, skipping
psql:sql/full_system_v1.sql:1389: NOTICE:  policy "All Access Admin" for relation "public.dim_fornecedores" does not exist, skipping
psql:sql/full_system_v1.sql:1389: NOTICE:  policy "Delete Admin" for relation "public.dim_fornecedores" does not exist, skipping
psql:sql/full_system_v1.sql:1389: NOTICE:  policy "Insert Admin" for relation "public.dim_fornecedores" does not exist, skipping
psql:sql/full_system_v1.sql:1389: NOTICE:  policy "Update Admin" for relation "public.dim_fornecedores" does not exist, skipping
psql:sql/full_system_v1.sql:1389: NOTICE:  policy "Read Access" for relation "public.dim_fornecedores" does not exist, skipping
psql:sql/full_system_v1.sql:1389: NOTICE:  policy "Unified Read Access" for relation "public.dim_fornecedores" does not exist, skipping
psql:sql/full_system_v1.sql:1389: NOTICE:  policy "Admin Insert" for relation "public.dim_fornecedores" does not exist, skipping
psql:sql/full_system_v1.sql:1389: NOTICE:  policy "Admin Update" for relation "public.dim_fornecedores" does not exist, skipping
psql:sql/full_system_v1.sql:1389: NOTICE:  policy "Admin Delete" for relation "public.dim_fornecedores" does not exist, skipping
psql:sql/full_system_v1.sql:1389: NOTICE:  policy "Enable access for all users" for relation "public.data_summary_frequency" does not exist, skipping
psql:sql/full_system_v1.sql:1389: NOTICE:  policy "Public profiles are viewable by everyone" for relation "public.data_summary_frequency" does not exist, skipping
psql:sql/full_system_v1.sql:1389: NOTICE:  policy "Read Access Approved" for relation "public.data_summary_frequency" does not exist, skipping
psql:sql/full_system_v1.sql:1389: NOTICE:  policy "Write Access Admin" for relation "public.data_summary_frequency" does not exist, skipping
psql:sql/full_system_v1.sql:1389: NOTICE:  policy "Update Access Admin" for relation "public.data_summary_frequency" does not exist, skipping
psql:sql/full_system_v1.sql:1389: NOTICE:  policy "Delete Access Admin" for relation "public.data_summary_frequency" does not exist, skipping
psql:sql/full_system_v1.sql:1389: NOTICE:  policy "All Access Admin" for relation "public.data_summary_frequency" does not exist, skipping
psql:sql/full_system_v1.sql:1389: NOTICE:  policy "Delete Admin" for relation "public.data_summary_frequency" does not exist, skipping
psql:sql/full_system_v1.sql:1389: NOTICE:  policy "Insert Admin" for relation "public.data_summary_frequency" does not exist, skipping
psql:sql/full_system_v1.sql:1389: NOTICE:  policy "Update Admin" for relation "public.data_summary_frequency" does not exist, skipping
psql:sql/full_system_v1.sql:1389: NOTICE:  policy "Read Access" for relation "public.data_summary_frequency" does not exist, skipping
psql:sql/full_system_v1.sql:1389: NOTICE:  policy "Unified Read Access" for relation "public.data_summary_frequency" does not exist, skipping
psql:sql/full_system_v1.sql:1389: NOTICE:  policy "Admin Insert" for relation "public.data_summary_frequency" does not exist, skipping
psql:sql/full_system_v1.sql:1389: NOTICE:  policy "Admin Update" for relation "public.data_summary_frequency" does not exist, skipping
psql:sql/full_system_v1.sql:1389: NOTICE:  policy "Admin Delete" for relation "public.data_summary_frequency" does not exist, skipping
psql:sql/full_system_v1.sql:1389: NOTICE:  policy "Enable access for all users" for relation "public.data_summary" does not exist, skipping
psql:sql/full_system_v1.sql:1389: NOTICE:  policy "Public profiles are viewable by everyone" for relation "public.data_summary" does not exist, skipping
psql:sql/full_system_v1.sql:1389: NOTICE:  policy "Read Access Approved" for relation "public.data_summary" does not exist, skipping
psql:sql/full_system_v1.sql:1389: NOTICE:  policy "Write Access Admin" for relation "public.data_summary" does not exist, skipping
psql:sql/full_system_v1.sql:1389: NOTICE:  policy "Update Access Admin" for relation "public.data_summary" does not exist, skipping
psql:sql/full_system_v1.sql:1389: NOTICE:  policy "Delete Access Admin" for relation "public.data_summary" does not exist, skipping
psql:sql/full_system_v1.sql:1389: NOTICE:  policy "All Access Admin" for relation "public.data_summary" does not exist, skipping
psql:sql/full_system_v1.sql:1389: NOTICE:  policy "Delete Admin" for relation "public.data_summary" does not exist, skipping
psql:sql/full_system_v1.sql:1389: NOTICE:  policy "Insert Admin" for relation "public.data_summary" does not exist, skipping
psql:sql/full_system_v1.sql:1389: NOTICE:  policy "Update Admin" for relation "public.data_summary" does not exist, skipping
psql:sql/full_system_v1.sql:1389: NOTICE:  policy "Read Access" for relation "public.data_summary" does not exist, skipping
psql:sql/full_system_v1.sql:1389: NOTICE:  policy "Unified Read Access" for relation "public.data_summary" does not exist, skipping
psql:sql/full_system_v1.sql:1389: NOTICE:  policy "Admin Insert" for relation "public.data_summary" does not exist, skipping
psql:sql/full_system_v1.sql:1389: NOTICE:  policy "Admin Update" for relation "public.data_summary" does not exist, skipping
psql:sql/full_system_v1.sql:1389: NOTICE:  policy "Admin Delete" for relation "public.data_summary" does not exist, skipping
psql:sql/full_system_v1.sql:1389: NOTICE:  policy "Enable access for all users" for relation "public.cache_filters" does not exist, skipping
psql:sql/full_system_v1.sql:1389: NOTICE:  policy "Public profiles are viewable by everyone" for relation "public.cache_filters" does not exist, skipping
psql:sql/full_system_v1.sql:1389: NOTICE:  policy "Read Access Approved" for relation "public.cache_filters" does not exist, skipping
psql:sql/full_system_v1.sql:1389: NOTICE:  policy "Write Access Admin" for relation "public.cache_filters" does not exist, skipping
psql:sql/full_system_v1.sql:1389: NOTICE:  policy "Update Access Admin" for relation "public.cache_filters" does not exist, skipping
psql:sql/full_system_v1.sql:1389: NOTICE:  policy "Delete Access Admin" for relation "public.cache_filters" does not exist, skipping
psql:sql/full_system_v1.sql:1389: NOTICE:  policy "All Access Admin" for relation "public.cache_filters" does not exist, skipping
psql:sql/full_system_v1.sql:1389: NOTICE:  policy "Delete Admin" for relation "public.cache_filters" does not exist, skipping
psql:sql/full_system_v1.sql:1389: NOTICE:  policy "Insert Admin" for relation "public.cache_filters" does not exist, skipping
psql:sql/full_system_v1.sql:1389: NOTICE:  policy "Update Admin" for relation "public.cache_filters" does not exist, skipping
psql:sql/full_system_v1.sql:1389: NOTICE:  policy "Read Access" for relation "public.cache_filters" does not exist, skipping
psql:sql/full_system_v1.sql:1389: NOTICE:  policy "Unified Read Access" for relation "public.cache_filters" does not exist, skipping
psql:sql/full_system_v1.sql:1389: NOTICE:  policy "Admin Insert" for relation "public.cache_filters" does not exist, skipping
psql:sql/full_system_v1.sql:1389: NOTICE:  policy "Admin Update" for relation "public.cache_filters" does not exist, skipping
psql:sql/full_system_v1.sql:1389: NOTICE:  policy "Admin Delete" for relation "public.cache_filters" does not exist, skipping
DO
CREATE FUNCTION
psql:sql/full_system_v1.sql:1418: NOTICE:  relation "auth.users" does not exist, skipping
DROP TRIGGER
psql:sql/full_system_v1.sql:1422: ERROR:  relation "auth.users" does not exist
psql:sql/full_system_v1.sql:1427: NOTICE:  relation "public.profiles" does not exist, skipping
DROP POLICY
psql:sql/full_system_v1.sql:1428: ERROR:  relation "public.profiles" does not exist
psql:sql/full_system_v1.sql:1430: NOTICE:  relation "public.profiles" does not exist, skipping
DROP POLICY
psql:sql/full_system_v1.sql:1431: ERROR:  relation "public.profiles" does not exist
psql:sql/full_system_v1.sql:1433: NOTICE:  relation "public.profiles" does not exist, skipping
DROP POLICY
psql:sql/full_system_v1.sql:1434: ERROR:  relation "public.profiles" does not exist
psql:sql/full_system_v1.sql:1436: NOTICE:  relation "public.profiles" does not exist, skipping
DROP POLICY
psql:sql/full_system_v1.sql:1437: ERROR:  relation "public.profiles" does not exist
psql:sql/full_system_v1.sql:1457: NOTICE:  policy "Unified Read Access" for relation "public.config_city_branches" does not exist, skipping
psql:sql/full_system_v1.sql:1457: NOTICE:  policy "Admin Insert" for relation "public.config_city_branches" does not exist, skipping
psql:sql/full_system_v1.sql:1457: NOTICE:  policy "Admin Update" for relation "public.config_city_branches" does not exist, skipping
psql:sql/full_system_v1.sql:1457: NOTICE:  policy "Admin Delete" for relation "public.config_city_branches" does not exist, skipping
psql:sql/full_system_v1.sql:1457: NOTICE:  policy "Unified Read Access" for relation "public.dim_supervisores" does not exist, skipping
psql:sql/full_system_v1.sql:1457: NOTICE:  policy "Admin Insert" for relation "public.dim_supervisores" does not exist, skipping
psql:sql/full_system_v1.sql:1457: NOTICE:  policy "Admin Update" for relation "public.dim_supervisores" does not exist, skipping
psql:sql/full_system_v1.sql:1457: NOTICE:  policy "Admin Delete" for relation "public.dim_supervisores" does not exist, skipping
psql:sql/full_system_v1.sql:1457: NOTICE:  policy "Unified Read Access" for relation "public.dim_vendedores" does not exist, skipping
psql:sql/full_system_v1.sql:1457: NOTICE:  policy "Admin Insert" for relation "public.dim_vendedores" does not exist, skipping
psql:sql/full_system_v1.sql:1457: NOTICE:  policy "Admin Update" for relation "public.dim_vendedores" does not exist, skipping
psql:sql/full_system_v1.sql:1457: NOTICE:  policy "Admin Delete" for relation "public.dim_vendedores" does not exist, skipping
psql:sql/full_system_v1.sql:1457: NOTICE:  policy "Unified Read Access" for relation "public.dim_fornecedores" does not exist, skipping
psql:sql/full_system_v1.sql:1457: NOTICE:  policy "Admin Insert" for relation "public.dim_fornecedores" does not exist, skipping
psql:sql/full_system_v1.sql:1457: NOTICE:  policy "Admin Update" for relation "public.dim_fornecedores" does not exist, skipping
psql:sql/full_system_v1.sql:1457: NOTICE:  policy "Admin Delete" for relation "public.dim_fornecedores" does not exist, skipping
psql:sql/full_system_v1.sql:1457: NOTICE:  policy "Unified Read Access" for relation "public.dim_produtos" does not exist, skipping
psql:sql/full_system_v1.sql:1457: NOTICE:  policy "Admin Insert" for relation "public.dim_produtos" does not exist, skipping
psql:sql/full_system_v1.sql:1457: NOTICE:  policy "Admin Update" for relation "public.dim_produtos" does not exist, skipping
psql:sql/full_system_v1.sql:1457: NOTICE:  policy "Admin Delete" for relation "public.dim_produtos" does not exist, skipping
DO
psql:sql/full_system_v1.sql:1460: NOTICE:  policy "Unified Read Access" for relation "public.data_holidays" does not exist, skipping
DROP POLICY
CREATE POLICY
psql:sql/full_system_v1.sql:1463: NOTICE:  policy "Admin Insert" for relation "public.data_holidays" does not exist, skipping
DROP POLICY
CREATE POLICY
psql:sql/full_system_v1.sql:1466: NOTICE:  policy "Admin Delete" for relation "public.data_holidays" does not exist, skipping
DROP POLICY
CREATE POLICY
psql:sql/full_system_v1.sql:1490: NOTICE:  policy "Unified Read Access" for relation "public.data_detailed" does not exist, skipping
psql:sql/full_system_v1.sql:1490: NOTICE:  policy "Admin Insert" for relation "public.data_detailed" does not exist, skipping
psql:sql/full_system_v1.sql:1490: NOTICE:  policy "Admin Update" for relation "public.data_detailed" does not exist, skipping
psql:sql/full_system_v1.sql:1490: NOTICE:  policy "Admin Delete" for relation "public.data_detailed" does not exist, skipping
psql:sql/full_system_v1.sql:1490: NOTICE:  policy "Unified Read Access" for relation "public.data_history" does not exist, skipping
psql:sql/full_system_v1.sql:1490: NOTICE:  policy "Admin Insert" for relation "public.data_history" does not exist, skipping
psql:sql/full_system_v1.sql:1490: NOTICE:  policy "Admin Update" for relation "public.data_history" does not exist, skipping
psql:sql/full_system_v1.sql:1490: NOTICE:  policy "Admin Delete" for relation "public.data_history" does not exist, skipping
psql:sql/full_system_v1.sql:1490: NOTICE:  policy "Unified Read Access" for relation "public.data_clients" does not exist, skipping
psql:sql/full_system_v1.sql:1490: NOTICE:  policy "Admin Insert" for relation "public.data_clients" does not exist, skipping
psql:sql/full_system_v1.sql:1490: NOTICE:  policy "Admin Update" for relation "public.data_clients" does not exist, skipping
psql:sql/full_system_v1.sql:1490: NOTICE:  policy "Admin Delete" for relation "public.data_clients" does not exist, skipping
psql:sql/full_system_v1.sql:1490: NOTICE:  policy "Unified Read Access" for relation "public.data_summary" does not exist, skipping
psql:sql/full_system_v1.sql:1490: NOTICE:  policy "Admin Insert" for relation "public.data_summary" does not exist, skipping
psql:sql/full_system_v1.sql:1490: NOTICE:  policy "Admin Update" for relation "public.data_summary" does not exist, skipping
psql:sql/full_system_v1.sql:1490: NOTICE:  policy "Admin Delete" for relation "public.data_summary" does not exist, skipping
psql:sql/full_system_v1.sql:1490: NOTICE:  policy "Unified Read Access" for relation "public.data_summary_frequency" does not exist, skipping
psql:sql/full_system_v1.sql:1490: NOTICE:  policy "Admin Insert" for relation "public.data_summary_frequency" does not exist, skipping
psql:sql/full_system_v1.sql:1490: NOTICE:  policy "Admin Update" for relation "public.data_summary_frequency" does not exist, skipping
psql:sql/full_system_v1.sql:1490: NOTICE:  policy "Admin Delete" for relation "public.data_summary_frequency" does not exist, skipping
psql:sql/full_system_v1.sql:1490: NOTICE:  policy "Unified Read Access" for relation "public.cache_filters" does not exist, skipping
psql:sql/full_system_v1.sql:1490: NOTICE:  policy "Admin Insert" for relation "public.cache_filters" does not exist, skipping
psql:sql/full_system_v1.sql:1490: NOTICE:  policy "Admin Update" for relation "public.cache_filters" does not exist, skipping
psql:sql/full_system_v1.sql:1490: NOTICE:  policy "Admin Delete" for relation "public.cache_filters" does not exist, skipping
DO
CREATE FUNCTION
psql:sql/full_system_v1.sql:1566: NOTICE:  trigger "trg_classify_products" for relation "public.dim_produtos" does not exist, skipping
DROP TRIGGER
CREATE TRIGGER
UPDATE 0
CREATE FUNCTION
CREATE FUNCTION
GRANT
CREATE FUNCTION
CREATE FUNCTION
CREATE FUNCTION
CREATE FUNCTION
psql:sql/full_system_v1.sql:2137: NOTICE:  function refresh_cache_filters() does not exist, skipping
DROP FUNCTION
psql:sql/full_system_v1.sql:2138: NOTICE:  function refresh_cache_filters(pg_catalog.int4,pg_catalog.int4) does not exist, skipping
DROP FUNCTION
CREATE FUNCTION
psql:sql/full_system_v1.sql:2256: NOTICE:  function get_dashboard_filters(text[],text[],text[],text[],text[],text,text,text[],text[],text[]) does not exist, skipping
DROP FUNCTION
psql:sql/full_system_v1.sql:2257: NOTICE:  function get_dashboard_filters(text,text,text[],text[],text[],text[],text[],text[],text[],text[]) does not exist, skipping
DROP FUNCTION
CREATE TABLE
ALTER TABLE
psql:sql/full_system_v1.sql:2279: NOTICE:  policy "Allow authenticated full access meta_estrelas" for relation "public.meta_estrelas" does not exist, skipping
DROP POLICY
CREATE POLICY
CREATE TABLE
ALTER TABLE
psql:sql/full_system_v1.sql:2290: NOTICE:  policy "Acesso publico de leitura para categorias aceleradoras" for relation "public.config_aceleradores" does not exist, skipping
DROP POLICY
CREATE POLICY
psql:sql/full_system_v1.sql:2296: NOTICE:  policy "Acesso de escrita restrito a administradores" for relation "public.config_aceleradores" does not exist, skipping
DROP POLICY
psql:sql/full_system_v1.sql:2297: NOTICE:  policy "Acesso de escrita restrito a administradores_insert" for relation "public.config_aceleradores" does not exist, skipping
DROP POLICY
CREATE POLICY
psql:sql/full_system_v1.sql:2299: NOTICE:  policy "Acesso de escrita restrito a administradores_update" for relation "public.config_aceleradores" does not exist, skipping
DROP POLICY
CREATE POLICY
psql:sql/full_system_v1.sql:2301: NOTICE:  policy "Acesso de escrita restrito a administradores_delete" for relation "public.config_aceleradores" does not exist, skipping
DROP POLICY
CREATE POLICY
CREATE FUNCTION
CREATE FUNCTION
CREATE FUNCTION
CREATE FUNCTION
CREATE FUNCTION
CREATE FUNCTION
DO
CREATE FUNCTION
CREATE FUNCTION
CREATE FUNCTION
CREATE FUNCTION
CREATE FUNCTION
CREATE TABLE
ALTER TABLE
CREATE TABLE
ALTER TABLE
DO
CREATE INDEX
CREATE TABLE
ALTER TABLE
CREATE INDEX
CREATE INDEX
CREATE TABLE
ALTER TABLE
psql:sql/full_system_v1.sql:4614: NOTICE:  policy "Unified Read Access" for relation "public.data_metadata" does not exist, skipping
DROP POLICY
CREATE POLICY
psql:sql/full_system_v1.sql:4617: NOTICE:  policy "Admin All" for relation "public.data_metadata" does not exist, skipping
DROP POLICY
psql:sql/full_system_v1.sql:4618: NOTICE:  policy "Admin Insert" for relation "public.data_metadata" does not exist, skipping
DROP POLICY
CREATE POLICY
psql:sql/full_system_v1.sql:4620: NOTICE:  policy "Admin Update" for relation "public.data_metadata" does not exist, skipping
DROP POLICY
CREATE POLICY
psql:sql/full_system_v1.sql:4622: NOTICE:  policy "Admin Delete" for relation "public.data_metadata" does not exist, skipping
DROP POLICY
CREATE POLICY
ALTER TABLE
DO
CREATE INDEX
CREATE INDEX
CREATE FUNCTION
CREATE FUNCTION
CREATE FUNCTION
CREATE FUNCTION
CREATE FUNCTION
CREATE FUNCTION
psql:sql/full_system_v1.sql:4839: NOTICE:  function get_innovations_data(text[],text[],text[],text[],text[],text[],text) does not exist, skipping
DROP FUNCTION
psql:sql/full_system_v1.sql:4840: NOTICE:  function get_innovations_data(text[],text[],text[],text[],text[],text[],text,text,text) does not exist, skipping
DROP FUNCTION
psql:sql/full_system_v1.sql:4852: NOTICE:  function get_loja_perfeita_data(text[],text[],text[],text[],text[]) does not exist, skipping
DROP FUNCTION
psql:sql/full_system_v1.sql:4853: NOTICE:  function get_loja_perfeita_data(text[],text[],text[],text[],text[],text,pg_catalog.int4,pg_catalog.int4) does not exist, skipping
DROP FUNCTION
psql:sql/full_system_v1.sql:4854: NOTICE:  function get_loja_perfeita_data(text[],text[],text[],text[],text[],text,pg_catalog.int4,pg_catalog.int4,text[]) does not exist, skipping
DROP FUNCTION
CREATE FUNCTION
CREATE FUNCTION
GRANT
CREATE FUNCTION
GRANT
psql:sql/full_system_v1.sql:5200: ERROR:  function public.append_to_chunk_v2(text, jsonb) does not exist
psql:sql/full_system_v1.sql:5201: ERROR:  function public.sync_chunk_v2(text, text, jsonb, text) does not exist
ALTER FUNCTION
ALTER FUNCTION
ALTER FUNCTION
ALTER FUNCTION
ALTER FUNCTION
CREATE FUNCTION
CREATE FUNCTION
ALTER FUNCTION
psql:sql/full_system_v1.sql:5756: NOTICE:  view "n8n_agent_view" does not exist, skipping
DROP VIEW
SELECT 0
CREATE FUNCTION
REVOKE
GRANT
DO
DO
SELECT 0
CREATE INDEX
CREATE INDEX
CREATE INDEX
CREATE INDEX
CREATE FUNCTION
REVOKE
GRANT
CREATE EXTENSION
CREATE INDEX
CREATE TABLE
ALTER TABLE
psql:sql/full_system_v1.sql:6490: NOTICE:  relation "supervisors_routes" already exists, skipping
CREATE TABLE
ALTER TABLE
psql:sql/full_system_v1.sql:6494: NOTICE:  policy "Enable all access for authenticated users" for relation "public.supervisors_routes" does not exist, skipping
DROP POLICY
CREATE POLICY
psql:sql/full_system_v1.sql:6498: NOTICE:  policy "Enable read access for anon" for relation "public.supervisors_routes" does not exist, skipping
DROP POLICY
CREATE POLICY
CREATE TABLE
DO
DO
ALTER TABLE
psql:sql/full_system_v1.sql:6551: NOTICE:  policy "Enable all access for authenticated users" for relation "public.n8n_auth_colaboradores" does not exist, skipping
DROP POLICY
CREATE POLICY
psql:sql/full_system_v1.sql:6555: NOTICE:  policy "Enable read access for anon" for relation "public.n8n_auth_colaboradores" does not exist, skipping
DROP POLICY
CREATE POLICY
CREATE FUNCTION
CREATE FUNCTION
CREATE FUNCTION
CREATE FUNCTION
CREATE FUNCTION
CREATE FUNCTION
CREATE FUNCTION
CREATE FUNCTION
CREATE FUNCTION
CREATE FUNCTION
CREATE FUNCTION
CREATE FUNCTION
CREATE INDEX
CREATE FUNCTION
CREATE FUNCTION
DO
psql:sql/full_system_v1.sql:7730: NOTICE:  function public.get_closing_presentation_data(text,text) does not exist, skipping
DROP FUNCTION
CREATE INDEX
CREATE FUNCTION
CREATE TABLE
ALTER TABLE
psql:sql/full_system_v1.sql:8196: NOTICE:  policy "Allow read access to api_ia" for relation "public.api_ia" does not exist, skipping
DROP POLICY
CREATE POLICY
GRANT
